// Jest Snapshot v1, https://goo.gl/fbAQLP

exports[`test DetailVideo should render correctly 1`] = `
<div
  className="row detail-section"
>
  <div
    className="col-8"
  >
    <div
      className="detail-wrapper"
    >
      <iframe
        allowFullScreen={true}
        frameBorder="0"
        height="580"
        src="http://www.youtube.com/embed/gIOyB9ZXn8s"
        title="title"
        width="100%"
      />
      <div>
        <p
          className="detail-title"
        >
          
        </p>
        <div
          className="detail-description"
        >
          <p
            className="detail-view"
          >
            
             views
          </p>
          <div>
            <button
              className="btn btn-rate"
            >
              <i
                className="fa fa-thumbs-up"
              />
            </button>
            <span>
              
            </span>
            <button
              className="btn btn-rate"
            >
              <i
                className="fa fa-thumbs-down"
              />
            </button>
            <span>
              
            </span>
          </div>
        </div>
        <div
          className="channel-wrapper"
        >
          <p
            className="channel-wrapper__title"
          >
            
          </p>
          <p
            className="channel-wrapper__time"
          >
            Published on 
            
          </p>
          <p
            className="channel-wrapper__description"
          >
            
          </p>
        </div>
      </div>
    </div>
  </div>
</div>
`;
